> Task :app:preBuild UP-TO-DATE
> Task :app:preFullDebugBuild UP-TO-DATE
> Task :app:buildKotlinToolingMetadata UP-TO-DATE
> Task :app:checkKotlinGradlePluginConfigurationErrors SKIPPED
> Task :app:generateFullDebugBuildConfig UP-TO-DATE
> Task :app:checkFullDebugAarMetadata UP-TO-DATE
> Task :app:processFullDebugNavigationResources UP-TO-DATE
> Task :app:compileFullDebugNavigationResources UP-TO-DATE
> Task :app:generateFullDebugResValues UP-TO-DATE
> Task :app:mapFullDebugSourceSetPaths UP-TO-DATE
> Task :app:generateFullDebugResources UP-TO-DATE
> Task :app:mergeFullDebugResources UP-TO-DATE
> Task :app:packageFullDebugResources UP-TO-DATE
> Task :app:parseFullDebugLocalResources UP-TO-DATE
> Task :app:createFullDebugCompatibleScreenManifests UP-TO-DATE
> Task :app:extractDeepLinksFullDebug UP-TO-DATE
> Task :app:processFullDebugMainManifest UP-TO-DATE
> Task :app:processFullDebugManifest UP-TO-DATE
> Task :app:processFullDebugManifestForPackage UP-TO-DATE
> Task :app:processFullDebugResources UP-TO-DATE
> Task :app:kspFullDebugKotlin UP-TO-DATE
> Task :app:compileFullDebugKotlin UP-TO-DATE
> Task :app:javaPreCompileFullDebug UP-TO-DATE
> Task :app:compileFullDebugJavaWithJavac
> Task :app:preFullDebugUnitTestBuild UP-TO-DATE
> Task :app:javaPreCompileFullDebugUnitTest
> Task :app:hiltAggregateDepsFullDebug

> Task :app:hiltJavaCompileFullDebug
warning: Kapt support in Moshi Kotlin Code Gen is deprecated and will be removed in 2.0. Please migrate to KSP. https://github.com/square/moshi#codegen
1 warning

> Task :app:processFullDebugJavaRes
> Task :app:bundleFullDebugClassesToCompileJar
> Task :app:transformFullDebugClassesWithAsm
> Task :app:bundleFullDebugClassesToRuntimeJar
> Task :app:kspFullDebugUnitTestKotlin
> Task :app:compileFullDebugUnitTestKotlin
> Task :app:compileFullDebugUnitTestJavaWithJavac NO-SOURCE
> Task :app:hiltAggregateDepsFullDebugUnitTest
> Task :app:hiltJavaCompileFullDebugUnitTest NO-SOURCE
> Task :app:processFullDebugUnitTestJavaRes
> Task :app:transformFullDebugUnitTestClassesWithAsm
OpenJDK 64-Bit Server VM warning: Sharing is only supported for boot loader classes because bootstrap classpath has been appended
> Task :app:testFullDebugUnitTest

[Incubating] Problems report is available at: file:///app/build/reports/problems/problems-report.html

BUILD SUCCESSFUL in 1m 17s
34 actionable tasks: 14 executed, 20 up-to-date
